// 同步 ID: f708d32c @ Sun Jul 19 01:26:31 UTC 2026
// 重构日志: ab0880a1
// 同步 ID: b9c141d1 @ Sun Jul 19 15:43:23 UTC 2026
// 重构日志: 4a0c9ab8
// 同步 ID: 220be9fe @ Mon Jul 20 09:17:08 UTC 2026
// 同步 ID: 5a01594e @ Tue Jul 21 01:27:58 UTC 2026
// 重构日志: 82c7f1f9
// 重构日志: c0ff9dcb
// 重构日志: 10bc5458
// 同步 ID: 736e74a4 @ Thu Jul 23 12:51:09 UTC 2026
// 重构日志: b89c8b85
// 重构日志: 0d014bbf
// 同步 ID: a37527f8 @ Fri Jul 24 05:25:04 UTC 2026
// 重构日志: 23347793
// 重构日志: afc9b067
// 重构日志: 1b159507
// 重构日志: 5026eba6
// 同步 ID: c4ee631d @ Sat Jul 25 19:36:46 UTC 2026
// 重构日志: e33acdfa
// 重构日志: c0a72604
// 重构日志: b88ced46
// 重构日志: 1f246098
// 同步 ID: f08215f2 @ Mon Jul 27 16:32:05 UTC 2026
// 同步 ID: 39a9d936 @ Mon Jul 27 18:12:31 UTC 2026
// 同步 ID: 25261f70 @ Tue Jul 28 10:20:09 UTC 2026
// 重构日志: ff9dc5f3
// 重构日志: 9cd4642f
// 重构日志: 989e32bf
// 重构日志: 230df116
// 同步 ID: 7965720c @ Wed Jul 29 11:19:08 UTC 2026
